// 1. git coba di laptop ===============================================================

LENOVO@LAPTOP-PRIMA /d/AppX (newfeature)
$ git remote
origin

LENOVO@LAPTOP-PRIMA /d/AppX (newfeature)
$ git remote origin :newfeature
error: Unknown subcommand: origin
usage: git remote [-v | --verbose]
   or: git remote add [-t <branch>] [-m <master>] [-f] [--tags|--no-tags] [--mirror=<fetch|push>] <name> <url>
   or: git remote rename <old> <new>
   or: git remote remove <name>
   or: git remote set-head <name> (-a | --auto | -d | --delete |<branch>)
   or: git remote [-v | --verbose] show [-n] <name>
   or: git remote prune [-n | --dry-run] <name>
   or: git remote [-v | --verbose] update [-p | --prune] [(<group> | <remote>)...]
   or: git remote set-branches [--add] <name> <branch>...
   or: git remote set-url [--push] <name> <newurl> [<oldurl>]
   or: git remote set-url --add <name> <newurl>
   or: git remote set-url --delete <name> <url>

    -v, --verbose         be verbose; must be placed before a subcommand


LENOVO@LAPTOP-PRIMA /d/AppX (newfeature)
$ git checkout master
Switched to branch 'master'
Your branch is up-to-date with 'origin/master'.

LENOVO@LAPTOP-PRIMA /d/AppX (master)
$ git status
On branch master
Your branch is up-to-date with 'origin/master'.

nothing to commit, working directory clean

LENOVO@LAPTOP-PRIMA /d/AppX (master)
$ cat coba.php
<php COba

LENOVO@LAPTOP-PRIMA /d/AppX (master)
$ git merge newfeature
Updating 4d30047..01af9d4
Fast-forward
 coba.php | 2 ++
 1 file changed, 2 insertions(+)

LENOVO@LAPTOP-PRIMA /d/AppX (master)
$ git status
On branch master
Your branch is ahead of 'origin/master' by 1 commit.
  (use "git push" to publish your local commits)

nothing to commit, working directory clean

LENOVO@LAPTOP-PRIMA /d/AppX (master)
$ git branch -a
* master
  newfeature
  remotes/origin/HEAD -> origin/master
  remotes/origin/master

LENOVO@LAPTOP-PRIMA /d/AppX (master)
$ cat coba.php
<php COba
// add new feature


LENOVO@LAPTOP-PRIMA /d/AppX (master)
$ git push
Username for 'https://github.com': diahmad330@gmail.com
Password for 'https://diahmad330@gmail.com@github.com':
Counting objects: 5, done.
Delta compression using up to 4 threads.
Compressing objects: 100% (2/2), done.
Writing objects: 100% (3/3), 279 bytes | 0 bytes/s, done.
Total 3 (delta 1), reused 0 (delta 0)
To https://github.com/acmadi/AppX.git
   4d30047..01af9d4  master -> master

LENOVO@LAPTOP-PRIMA /d/AppX (master)
$ ls
AppX  coba.php

LENOVO@LAPTOP-PRIMA /d/AppX (master)
$ git branch -a
* master
  newfeature
  remotes/origin/HEAD -> origin/master
  remotes/origin/master

LENOVO@LAPTOP-PRIMA /d/AppX (master)
$ git checkout newfeature
Switched to branch 'newfeature'

LENOVO@LAPTOP-PRIMA /d/AppX (newfeature)
$ git push
fatal: The current branch newfeature has no upstream branch.
To push the current branch and set the remote as upstream, use

    git push --set-upstream origin newfeature


LENOVO@LAPTOP-PRIMA /d/AppX (newfeature)
$ git push --setupstream origin newfeature
error: unknown option `setupstream'
usage: git push [<options>] [<repository> [<refspec>...]]

    -v, --verbose         be more verbose
    -q, --quiet           be more quiet
    --repo <repository>   repository
    --all                 push all refs
    --mirror              mirror all refs
    --delete              delete refs
    --tags                push tags (can't be used with --all or --mirror)
    -n, --dry-run         dry run
    --porcelain           machine-readable output
    -f, --force           force updates
    --force-with-lease[=<refname>:<expect>]
                          require old value of ref to be at this value
    --recurse-submodules[=<check>]
                          control recursive pushing of submodules
    --thin                use thin pack
    --receive-pack <receive-pack>
                          receive pack program
    --exec <receive-pack>
                          receive pack program
    -u, --set-upstream    set upstream for git pull/status
    --progress            force progress reporting
    --prune               prune locally removed refs
    --no-verify           bypass pre-push hook
    --follow-tags         push missing but relevant tags


LENOVO@LAPTOP-PRIMA /d/AppX (newfeature)
$ git push --setupstream origin newfeature --all
error: unknown option `setupstream'
usage: git push [<options>] [<repository> [<refspec>...]]

    -v, --verbose         be more verbose
    -q, --quiet           be more quiet
    --repo <repository>   repository
    --all                 push all refs
    --mirror              mirror all refs
    --delete              delete refs
    --tags                push tags (can't be used with --all or --mirror)
    -n, --dry-run         dry run
    --porcelain           machine-readable output
    -f, --force           force updates
    --force-with-lease[=<refname>:<expect>]
                          require old value of ref to be at this value
    --recurse-submodules[=<check>]
                          control recursive pushing of submodules
    --thin                use thin pack
    --receive-pack <receive-pack>
                          receive pack program
    --exec <receive-pack>
                          receive pack program
    -u, --set-upstream    set upstream for git pull/status
    --progress            force progress reporting
    --prune               prune locally removed refs
    --no-verify           bypass pre-push hook
    --follow-tags         push missing but relevant tags


LENOVO@LAPTOP-PRIMA /d/AppX (newfeature)
$ git push --set-upstream origin newfeature
Username for 'https://github.com': diahmad330@gmail.com
Password for 'https://diahmad330@gmail.com@github.com':
Total 0 (delta 0), reused 0 (delta 0)
To https://github.com/acmadi/AppX.git
 * [new branch]      newfeature -> newfeature
Branch newfeature set up to track remote branch newfeature from origin.

LENOVO@LAPTOP-PRIMA /d/AppX (newfeature)
$ git checkout -b featureB
Switched to a new branch 'featureB'

LENOVO@LAPTOP-PRIMA /d/AppX (featureB)
$ cat coba.php
<php COba
// add new feature


LENOVO@LAPTOP-PRIMA /d/AppX (featureB)
$ vi coba.php

LENOVO@LAPTOP-PRIMA /d/AppX (featureB)
$ cat coba.php
<php COba
// add new feature

//Add new feature B


LENOVO@LAPTOP-PRIMA /d/AppX (featureB)
$ git status
On branch featureB
Changes not staged for commit:
  (use "git add <file>..." to update what will be committed)
  (use "git checkout -- <file>..." to discard changes in working directory)

        modified:   coba.php

no changes added to commit (use "git add" and/or "git commit -a")

LENOVO@LAPTOP-PRIMA /d/AppX (featureB)
$ git commit -m "add new feature B"
On branch featureB
Changes not staged for commit:
        modified:   coba.php

no changes added to commit

LENOVO@LAPTOP-PRIMA /d/AppX (featureB)
$ git add coba.php

LENOVO@LAPTOP-PRIMA /d/AppX (featureB)
$ git commit -m "add new feature B"
[featureB 3645c3a] add new feature B
 1 file changed, 2 insertions(+)

LENOVO@LAPTOP-PRIMA /d/AppX (featureB)
$ git push set-upstream featureB
fatal: 'set-upstream' does not appear to be a git repository
fatal: Could not read from remote repository.

Please make sure you have the correct access rights
and the repository exists.

LENOVO@LAPTOP-PRIMA /d/AppX (featureB)
$ git push
fatal: The current branch featureB has no upstream branch.
To push the current branch and set the remote as upstream, use

    git push --set-upstream origin featureB


LENOVO@LAPTOP-PRIMA /d/AppX (featureB)
$ git push set-upstream origin featureB
fatal: 'set-upstream' does not appear to be a git repository
fatal: Could not read from remote repository.

Please make sure you have the correct access rights
and the repository exists.

LENOVO@LAPTOP-PRIMA /d/AppX (featureB)
$ git push
fatal: The current branch featureB has no upstream branch.
To push the current branch and set the remote as upstream, use

    git push --set-upstream origin featureB


LENOVO@LAPTOP-PRIMA /d/AppX (featureB)
$ git push --set-upstream origin featureB
Username for 'https://github.com': diahmad330@gmail.com
Password for 'https://diahmad330@gmail.com@github.com':
Counting objects: 5, done.
Delta compression using up to 4 threads.
Compressing objects: 100% (3/3), done.
Writing objects: 100% (3/3), 289 bytes | 0 bytes/s, done.
Total 3 (delta 1), reused 0 (delta 0)
To https://github.com/acmadi/AppX.git
 * [new branch]      featureB -> featureB
Branch featureB set up to track remote branch featureB from origin.

LENOVO@LAPTOP-PRIMA /d/AppX (featureB)
$ git checkout -b Version2.0
Switched to a new branch 'Version2.0'

LENOVO@LAPTOP-PRIMA /d/AppX (Version2.0)
$ cat coba.php
<php COba
// add new feature

//Add new feature B


LENOVO@LAPTOP-PRIMA /d/AppX (Version2.0)
$ git push --set-upstream origin Version2.0
Username for 'https://github.com': diahmad330@gmail.com
Password for 'https://diahmad330@gmail.com@github.com':
Total 0 (delta 0), reused 0 (delta 0)
To https://github.com/acmadi/AppX.git
 * [new branch]      Version2.0 -> Version2.0
Branch Version2.0 set up to track remote branch Version2.0 from origin.

LENOVO@LAPTOP-PRIMA /d/AppX (Version2.0)
$



[featureB 3645c3a] add new feature B
 1 file changed, 2 insertions(+)

LENOVO@LAPTOP-PRIMA /d/AppX (featureB)
$ git push set-upstream featureB
fatal: 'set-upstream' does not appear to be a git repository
fatal: Could not read from remote repository.

Please make sure you have the correct access rights
and the repository exists.

LENOVO@LAPTOP-PRIMA /d/AppX (featureB)
$ git push
fatal: The current branch featureB has no upstream branch.
To push the current branch and set the remote as upstream, use

    git push --set-upstream origin featureB


LENOVO@LAPTOP-PRIMA /d/AppX (featureB)
$ git push set-upstream origin featureB
fatal: 'set-upstream' does not appear to be a git repository
fatal: Could not read from remote repository.

Please make sure you have the correct access rights
and the repository exists.

LENOVO@LAPTOP-PRIMA /d/AppX (featureB)
$ git push
fatal: The current branch featureB has no upstream branch.
To push the current branch and set the remote as upstream, use

    git push --set-upstream origin featureB


LENOVO@LAPTOP-PRIMA /d/AppX (featureB)
$ git push --set-upstream origin featureB
Username for 'https://github.com': diahmad330@gmail.com
Password for 'https://diahmad330@gmail.com@github.com':
Counting objects: 5, done.
Delta compression using up to 4 threads.
Compressing objects: 100% (3/3), done.
Writing objects: 100% (3/3), 289 bytes | 0 bytes/s, done.
Total 3 (delta 1), reused 0 (delta 0)
To https://github.com/acmadi/AppX.git
 * [new branch]      featureB -> featureB
Branch featureB set up to track remote branch featureB from origin.

LENOVO@LAPTOP-PRIMA /d/AppX (featureB)
$ git checkout -b Version2.0
Switched to a new branch 'Version2.0'

LENOVO@LAPTOP-PRIMA /d/AppX (Version2.0)
$ cat coba.php
<php COba
// add new feature

//Add new feature B


LENOVO@LAPTOP-PRIMA /d/AppX (Version2.0)
$ git push --set-upstream origin Version2.0
Username for 'https://github.com': diahmad330@gmail.com
Password for 'https://diahmad330@gmail.com@github.com':
Total 0 (delta 0), reused 0 (delta 0)
To https://github.com/acmadi/AppX.git
 * [new branch]      Version2.0 -> Version2.0
Branch Version2.0 set up to track remote branch Version2.0 from origin.

LENOVO@LAPTOP-PRIMA /d/AppX (Version2.0)
$ git branch -a
* Version2.0
  featureB
  master
  newfeature
  remotes/origin/HEAD -> origin/master
  remotes/origin/Version2.0
  remotes/origin/featureB
  remotes/origin/master
  remotes/origin/newfeature

LENOVO@LAPTOP-PRIMA /d/AppX (Version2.0)
$ git checkout featureB
Switched to branch 'featureB'
Your branch is up-to-date with 'origin/featureB'.

LENOVO@LAPTOP-PRIMA /d/AppX (featureB)
$ cat featureb
cat: featureb: No such file or directory

LENOVO@LAPTOP-PRIMA /d/AppX (featureB)
$ cat coba.php
<php COba
// add new feature

//Add new feature B


LENOVO@LAPTOP-PRIMA /d/AppX (featureB)
$ vi coba.php

LENOVO@LAPTOP-PRIMA /d/AppX (featureB)
$ cat coba.php
<php COba
// add new feature

//Add new feature B

//Add Update New Feature


LENOVO@LAPTOP-PRIMA /d/AppX (featureB)
$ git commit -a
Aborting commit due to empty commit message.

LENOVO@LAPTOP-PRIMA /d/AppX (featureB)
$ git commit -m
error: switch `m' requires a value
usage: git commit [options] [--] <pathspec>...

    -q, --quiet           suppress summary after successful commit
    -v, --verbose         show diff in commit message template

Commit message options
    -F, --file <file>     read message from file
    --author <author>     override author for commit
    --date <date>         override date for commit
    -m, --message <message>
                          commit message
    -c, --reedit-message <commit>
                          reuse and edit message from specified commit
    -C, --reuse-message <commit>
                          reuse message from specified commit
    --fixup <commit>      use autosquash formatted message to fixup specified commit
    --squash <commit>     use autosquash formatted message to squash specified commit
    --reset-author        the commit is authored by me now (used with -C/-c/--amend)
    -s, --signoff         add Signed-off-by:
    -t, --template <file>
                          use specified template file
    -e, --edit            force edit of commit
    --cleanup <default>   how to strip spaces and #comments from message
    --status              include status in commit message template
    -S, --gpg-sign[=<key id>]
                          GPG sign commit

Commit contents options
    -a, --all             commit all changed files
    -i, --include         add specified files to index for commit
    --interactive         interactively add files
    -p, --patch           interactively add changes
    -o, --only            commit only specified files
    -n, --no-verify       bypass pre-commit hook
    --dry-run             show what would be committed
    --short               show status concisely
    --branch              show branch information
    --porcelain           machine-readable output
    --long                show status in long format (default)
    -z, --null            terminate entries with NUL
    --amend               amend previous commit
    --no-post-rewrite     bypass post-rewrite hook
    -u, --untracked-files[=<mode>]
                          show untracked files, optional modes: all, normal, no. (Default: all)


LENOVO@LAPTOP-PRIMA /d/AppX (featureB)
$ git commit -m "update feature "
On branch featureB
Your branch is up-to-date with 'origin/featureB'.

Changes not staged for commit:
        modified:   coba.php

no changes added to commit

LENOVO@LAPTOP-PRIMA /d/AppX (featureB)
$ git status
On branch featureB
Your branch is up-to-date with 'origin/featureB'.

Changes not staged for commit:
  (use "git add <file>..." to update what will be committed)
  (use "git checkout -- <file>..." to discard changes in working directory)

        modified:   coba.php

no changes added to commit (use "git add" and/or "git commit -a")

LENOVO@LAPTOP-PRIMA /d/AppX (featureB)
$ git status
On branch featureB
Your branch is up-to-date with 'origin/featureB'.

Changes not staged for commit:
  (use "git add <file>..." to update what will be committed)
  (use "git checkout -- <file>..." to discard changes in working directory)

        modified:   coba.php

no changes added to commit (use "git add" and/or "git commit -a")

LENOVO@LAPTOP-PRIMA /d/AppX (featureB)
$ git branch -a
  Version2.0
* featureB
  master
  newfeature
  remotes/origin/HEAD -> origin/master
  remotes/origin/Version2.0
  remotes/origin/featureB
  remotes/origin/master
  remotes/origin/newfeature

LENOVO@LAPTOP-PRIMA /d/AppX (featureB)
$ git checkout master
error: Your local changes to the following files would be overwritten by checkout:
        coba.php
Please, commit your changes or stash them before you can switch branches.
Aborting

LENOVO@LAPTOP-PRIMA /d/AppX (featureB)
$ git commit -a
[featureB 2370e80]      modified:   coba.php
 1 file changed, 2 insertions(+)

LENOVO@LAPTOP-PRIMA /d/AppX (featureB)
$ git checkout master
Switched to branch 'master'
Your branch is up-to-date with 'origin/master'.

LENOVO@LAPTOP-PRIMA /d/AppX (master)
$ git merge featureB
Updating 01af9d4..2370e80
Fast-forward
 coba.php | 4 ++++
 1 file changed, 4 insertions(+)

LENOVO@LAPTOP-PRIMA /d/AppX (master)
$ git status
On branch master
Your branch is ahead of 'origin/master' by 2 commits.
  (use "git push" to publish your local commits)

nothing to commit, working directory clean

LENOVO@LAPTOP-PRIMA /d/AppX (master)
$ git branch -a
  Version2.0
  featureB
* master
  newfeature
  remotes/origin/HEAD -> origin/master
  remotes/origin/Version2.0
  remotes/origin/featureB
  remotes/origin/master
  remotes/origin/newfeature

LENOVO@LAPTOP-PRIMA /d/AppX (master)
$ cat coba.php
<php COba
// add new feature

//Add new feature B

//Add Update New Feature


LENOVO@LAPTOP-PRIMA /d/AppX (master)
$ git branch -D featureB
Deleted branch featureB (was 2370e80).

LENOVO@LAPTOP-PRIMA /d/AppX (master)
$ git branch -a
  Version2.0
* master
  newfeature
  remotes/origin/HEAD -> origin/master
  remotes/origin/Version2.0
  remotes/origin/featureB
  remotes/origin/master
  remotes/origin/newfeature

LENOVO@LAPTOP-PRIMA /d/AppX (master)
$ git push --set-upstream origin :featureB
Username for 'https://github.com': diahmad330@gmail.com
Password for 'https://diahmad330@gmail.com@github.com':
To https://github.com/acmadi/AppX.git
 - [deleted]         featureB

LENOVO@LAPTOP-PRIMA /d/AppX (master)
$
// 2. git coba dikantor ===============================================================


To git@github.com:acmadi/sp2d.git
   6e284b3..b4ddaa0  master -> master

idea centre@PROGRAMMER /F/xampp 5.6.11/htdocs/sppd (master)
$

idea centre@PROGRAMMER /F/xampp 5.6.11/htdocs/sppd (master)
$

idea centre@PROGRAMMER /F/xampp 5.6.11/htdocs/sppd (master)
$

idea centre@PROGRAMMER /F/xampp 5.6.11/htdocs/sppd (master)
$

idea centre@PROGRAMMER /F/xampp 5.6.11/htdocs/sppd (master)
$

idea centre@PROGRAMMER /F/xampp 5.6.11/htdocs/sppd (master)
$

idea centre@PROGRAMMER /F/xampp 5.6.11/htdocs/sppd (master)
$ git commit -am "update storage"
warning: LF will be replaced by CRLF in .gitignore.
The file will have its original line endings in your working directory.
[master warning: LF will be replaced by CRLF in .gitignore.
The file will have its original line endings in your working directory.
64520c2] update storage
warning: LF will be replaced by CRLF in .gitignore.
The file will have its original line endings in your working directory.
 1 file changed, 2 insertions(+), 1 deletion(-)

idea centre@PROGRAMMER /F/xampp 5.6.11/htdocs/sppd (master)
$ git push origin master
Counting objects: 5, done.
Delta compression using up to 4 threads.
Compressing objects: 100% (3/3), done.
Writing objects: 100% (3/3), 314 bytes | 0 bytes/s, done.
Total 3 (delta 1), reused 0 (delta 0)
To git@github.com:acmadi/sp2d.git
   b4ddaa0..64520c2  master -> master

idea centre@PROGRAMMER /F/xampp 5.6.11/htdocs/sppd (master)
$ git add .


idea centre@PROGRAMMER /F/xampp 5.6.11/htdocs/sppd (master)
$

idea centre@PROGRAMMER /F/xampp 5.6.11/htdocs/sppd (master)
$

idea centre@PROGRAMMER /F/xampp 5.6.11/htdocs/sppd (master)
$

idea centre@PROGRAMMER /F/xampp 5.6.11/htdocs/sppd (master)
$

idea centre@PROGRAMMER /F/xampp 5.6.11/htdocs/sppd (master)
$

idea centre@PROGRAMMER /F/xampp 5.6.11/htdocs/sppd (master)
$ git add .
warning: LF will be replaced by CRLF in .gitignore.
The file will have its original line endings in your working directory.
warning: LF will be replaced by CRLF in storage/framework/.gitignore.
The file will have its original line endings in your working directory.
warning: LF will be replaced by CRLF in storage/framework/cache/.gitignore.
The file will have its original line endings in your working directory.
warning: LF will be replaced by CRLF in storage/framework/sessions/.gitignore.
The file will have its original line endings in your working directory.
warning: LF will be replaced by CRLF in storage/framework/views/.gitignore.
The file will have its original line endings in your working directory.
warning: LF will be replaced by CRLF in storage/logs/.gitignore.
The file will have its original line endings in your working directory.

idea centre@PROGRAMMER /F/xampp 5.6.11/htdocs/sppd (master)
$ git commit -am "update storage"
[master warning: LF will be replaced by CRLF in .gitignore.
The file will have its original line endings in your working directory.
885ec65] update storage
warning: LF will be replaced by CRLF in .gitignore.
The file will have its original line endings in your working directory.
warning: LF will be replaced by CRLF in storage/framework/.gitignore.
The file will have its original line endings in your working directory.
warning: LF will be replaced by CRLF in storage/framework/cache/.gitignore.
The file will have its original line endings in your working directory.
warning: LF will be replaced by CRLF in storage/framework/sessions/.gitignore.
The file will have its original line endings in your working directory.
warning: LF will be replaced by CRLF in storage/framework/views/.gitignore.
The file will have its original line endings in your working directory.
warning: LF will be replaced by CRLF in storage/logs/.gitignore.
The file will have its original line endings in your working directory.
 6 files changed, 16 insertions(+), 1 deletion(-)
 create mode 100644 storage/framework/.gitignore
 create mode 100644 storage/framework/cache/.gitignore
 create mode 100644 storage/framework/sessions/.gitignore
 create mode 100644 storage/framework/views/.gitignore
 create mode 100644 storage/logs/.gitignore

idea centre@PROGRAMMER /F/xampp 5.6.11/htdocs/sppd (master)
$ git push origin master
Counting objects: 10, done.
Delta compression using up to 4 threads.
Compressing objects: 100% (6/6), done.
Writing objects: 100% (8/8), 687 bytes | 0 bytes/s, done.
Total 8 (delta 1), reused 0 (delta 0)
To git@github.com:acmadi/sp2d.git
   64520c2..885ec65  master -> master

idea centre@PROGRAMMER /F/xampp 5.6.11/htdocs/sppd (master)
$ git fetch
Unpacking objects: 100% (3/3), done.
emote: Counting objects: 3, done.
remote: Compressing objects: 100% (3/3), done.
remote: Total 3 (delta 2), reused 0 (delta 0), pack-reused 0
From github.com:acmadi/sp2d
   885ec65..250d305  master     -> origin/master

idea centre@PROGRAMMER /F/xampp 5.6.11/htdocs/sppd (master)
$

idea centre@PROGRAMMER /F/xampp 5.6.11/htdocs/sppd (master)
$ git fetch

idea centre@PROGRAMMER /F/xampp 5.6.11/htdocs/sppd (master)
$ git fetch origin

idea centre@PROGRAMMER /F/xampp 5.6.11/htdocs/sppd (master)
$

idea centre@PROGRAMMER /F/xampp 5.6.11/htdocs/sppd (master)
$ git pull origin
Updating 885ec65..250d305
Fast-forward
 user pas | 4 +++-
 1 file changed, 3 insertions(+), 1 deletion(-)

idea centre@PROGRAMMER /F/xampp 5.6.11/htdocs/sppd (master)
$ git pull origin
Unpacking objects: 100% (3/3), done.
emote: Counting objects: 3, done.
remote: Compressing objects: 100% (3/3), done.
remote: Total 3 (delta 2), reused 0 (delta 0), pack-reused 0
From github.com:acmadi/sp2d
   250d305..dcdf12a  master     -> origin/master
Updating 250d305..dcdf12a
Fast-forward
 user pas | 1 +
 1 file changed, 1 insertion(+)

idea centre@PROGRAMMER /F/xampp 5.6.11/htdocs/sppd (master)
$

idea centre@PROGRAMMER /F/xampp 5.6.11/htdocs/sppd (master)
$

idea centre@PROGRAMMER /F/xampp 5.6.11/htdocs/sppd (master)
$ git branch feature_multiFile

idea centre@PROGRAMMER /F/xampp 5.6.11/htdocs/sppd (master)
$ git status
On branch master
Your branch is up-to-date with 'origin/master'.

nothing to commit, working directory clean

idea centre@PROGRAMMER /F/xampp 5.6.11/htdocs/sppd (master)
$ git checkout feature_multiFIle
Switched to branch 'feature_multiFIle'

idea centre@PROGRAMMER /F/xampp 5.6.11/htdocs/sppd (feature_multiFIle)
$ git checkout feature_multiFile
Switched to branch 'feature_multiFile'

idea centre@PROGRAMMER /F/xampp 5.6.11/htdocs/sppd (feature_multiFile)
$ git branch -a
* feature_multiFile
  master
  remotes/origin/HEAD -> origin/master
  remotes/origin/master

idea centre@PROGRAMMER /F/xampp 5.6.11/htdocs/sppd (feature_multiFile)
$ vi coba.php

idea centre@PROGRAMMER /F/xampp 5.6.11/htdocs/sppd (feature_multiFile)
$ git add coba.php

idea centre@PROGRAMMER /F/xampp 5.6.11/htdocs/sppd (feature_multiFile)
$ git commit -am "tambah file coba.php"
[feature_multiFile d4c90a4] tambah file coba.php
 1 file changed, 6 insertions(+)
 create mode 100644 coba.php

idea centre@PROGRAMMER /F/xampp 5.6.11/htdocs/sppd (feature_multiFile)
$ git push --set-upstream feature_multiFIle
fatal: 'feature_multiFIle' does not appear to be a git repository
fatal: Could not read from remote repository.

Please make sure you have the correct access rights
and the repository exists.

idea centre@PROGRAMMER /F/xampp 5.6.11/htdocs/sppd (feature_multiFile)
$ git push --set-upstream feature_multiFile
fatal: 'feature_multiFile' does not appear to be a git repository
fatal: Could not read from remote repository.

Please make sure you have the correct access rights
and the repository exists.

idea centre@PROGRAMMER /F/xampp 5.6.11/htdocs/sppd (feature_multiFile)
$ git push
fatal: The current branch feature_multiFile has no upstream branch.
To push the current branch and set the remote as upstream, use

    git push --set-upstream origin feature_multiFile


idea centre@PROGRAMMER /F/xampp 5.6.11/htdocs/sppd (feature_multiFile)
$  git push --set-upstream origin feature_multiFile
Counting objects: 4, done.
Delta compression using up to 4 threads.
Compressing objects: 100% (2/2), done.
Writing objects: 100% (3/3), 294 bytes | 0 bytes/s, done.
Total 3 (delta 1), reused 0 (delta 0)
To git@github.com:acmadi/sp2d.git
 * [new branch]      feature_multiFile -> feature_multiFile
Branch feature_multiFile set up to track remote branch feature_multiFile from origin.

idea centre@PROGRAMMER /F/xampp 5.6.11/htdocs/sppd (feature_multiFile)
$ git branch develop

idea centre@PROGRAMMER /F/xampp 5.6.11/htdocs/sppd (feature_multiFile)
$ git branch staging

idea centre@PROGRAMMER /F/xampp 5.6.11/htdocs/sppd (feature_multiFile)
$ git branch production

idea centre@PROGRAMMER /F/xampp 5.6.11/htdocs/sppd (feature_multiFile)
$ git push --set-upstream origin develop
Total 0 (delta 0), reused 0 (delta 0)
To git@github.com:acmadi/sp2d.git
 * [new branch]      develop -> develop
Branch develop set up to track remote branch develop from origin.

idea centre@PROGRAMMER /F/xampp 5.6.11/htdocs/sppd (feature_multiFile)
$ git push --set-upstream origin staging
Total 0 (delta 0), reused 0 (delta 0)
To git@github.com:acmadi/sp2d.git
 * [new branch]      staging -> staging
Branch staging set up to track remote branch staging from origin.

idea centre@PROGRAMMER /F/xampp 5.6.11/htdocs/sppd (feature_multiFile)
$ git push --set-upstream origin production
Total 0 (delta 0), reused 0 (delta 0)
To git@github.com:acmadi/sp2d.git
 * [new branch]      production -> production
Branch production set up to track remote branch production from origin.

idea centre@PROGRAMMER /F/xampp 5.6.11/htdocs/sppd (feature_multiFile)
$ git log
commit d4c90a44640d3b96006aeeb80c98eb83e0828581
Author: acmadi <diahmad330@gmail.com>
Date:   Sat Dec 12 16:27:03 2015 +0700

    tambah file coba.php

commit dcdf12a3fd1e7cfbadfa0c1eb470c9069e27410c
Author: acmadi <diahmad330@gmail.com>
Date:   Sat Dec 12 16:21:58 2015 +0700

      Coba Fetch

      //Coba Fetch

commit 250d305ff2ad1efe09770ffd0d5f06713d9913d9
Author: acmadi <diahmad330@gmail.com>
Date:   Sat Dec 12 16:13:51 2015 +0700

    coba fetch

    fetch coba

commit 885ec6514871592fcf6e337ef4cb37222f412f40
Author: acmadi <diahmad330@gmail.com>

idea centre@PROGRAMMER /F/xampp 5.6.11/htdocs/sppd (feature_multiFile)
$

idea centre@PROGRAMMER /F/xampp 5.6.11/htdocs/sppd (feature_multiFile)
$ git tag v1.0 d4c90a44640d

idea centre@PROGRAMMER /F/xampp 5.6.11/htdocs/sppd (feature_multiFile)
$ git push --tags
Total 0 (delta 0), reused 0 (delta 0)
To git@github.com:acmadi/sp2d.git
 * [new tag]         v1.0 -> v1.0

idea centre@PROGRAMMER /F/xampp 5.6.11/htdocs/sppd (feature_multiFile)
$

//=====================================================================================
                          master branch
    --mirror[=<push|fetch>]
                          set up remote as a mirror to push to or fetch from


LENOVO@LAPTOP-PRIMA /e/XAMPP_5.6.11/vid/GIT_REPOSITORY/AppX (master)
$ git remote git@github.com:acmadi/AppX.git
error: Unknown subcommand: git@github.com:acmadi/AppX.git
usage: git remote [-v | --verbose]
   or: git remote add [-t <branch>] [-m <master>] [-f] [--tags|--no-tags] [--mirror=<fetch|push>] <name> <url>
   or: git remote rename <old> <new>
   or: git remote remove <name>
   or: git remote set-head <name> (-a | --auto | -d | --delete |<branch>)
   or: git remote [-v | --verbose] show [-n] <name>
   or: git remote prune [-n | --dry-run] <name>
   or: git remote [-v | --verbose] update [-p | --prune] [(<group> | <remote>)...]
   or: git remote set-branches [--add] <name> <branch>...
   or: git remote set-url [--push] <name> <newurl> [<oldurl>]
   or: git remote set-url --add <name> <newurl>
   or: git remote set-url --delete <name> <url>

    -v, --verbose         be verbose; must be placed before a subcommand


LENOVO@LAPTOP-PRIMA /e/XAMPP_5.6.11/vid/GIT_REPOSITORY/AppX (master)
$ git remote add git@github.com:acmadi/AppX.git
usage: git remote add [<options>] <name> <url>

    -f, --fetch           fetch the remote branches
    --tags                import all tags and associated objects when fetching
                          or do not fetch any tag at all (--no-tags)
    -t, --track <branch>  branch(es) to track
    -m, --master <branch>
                          master branch
    --mirror[=<push|fetch>]
                          set up remote as a mirror to push to or fetch from


LENOVO@LAPTOP-PRIMA /e/XAMPP_5.6.11/vid/GIT_REPOSITORY/AppX (master)
$ git remote add -f git@github.com:acmadi/AppX.git
usage: git remote add [<options>] <name> <url>

$ git remote add -f "git@github.com:acmadi/AppX.git"
usage: git remote add [<options>] <name> <url>associated objects when fetching
                          or do not fetch any tag at all (--no-tags)
    -f, --fetch           fetch the remote branches
    --tags                import all tags and associated objects when fetching
                          or do not fetch any tag at all (--no-tags)
    -t, --track <branch>  branch(es) to track
    -m, --master <branch> set up remote as a mirror to push to or fetch from
                          master branch
    --mirror[=<push|fetch>]
                          set up remote as a mirror to push to or fetch from
$ git remote add -f git@github.com:acmadi/AppX.git

LENOVO@LAPTOP-PRIMA /e/XAMPP_5.6.11/vid/GIT_REPOSITORY/AppX (master)
$ git remote add -f git@github.com:acmadi/AppX.git
usage: git remote add [<options>] <name> <url>

    -f, --fetch           fetch the remote branches
    --tags                import all tags and associated objects when fetching
                          or do not fetch any tag at all (--no-tags)
    -t, --track <branch>  branch(es) to track
    -m, --master <branch>
                          master branch
    --mirror[=<push|fetch>]
                          set up remote as a mirror to push to or fetch from


LENOVO@LAPTOP-PRIMA /e/XAMPP_5.6.11/vid/GIT_REPOSITORY/AppX (master)
$ git remote add -f -m git@github.com:acmadi/AppX.git
usage: git remote add [<options>] <name> <url>

    -f, --fetch           fetch the remote branches
    --tags                import all tags and associated objects when fetching
                          or do not fetch any tag at all (--no-tags)
    -t, --track <branch>  branch(es) to track
    -m, --master <branch>
                          master branch
    --mirror[=<push|fetch>]
                          set up remote as a mirror to push to or fetch from


LENOVO@LAPTOP-PRIMA /e/XAMPP_5.6.11/vid/GIT_REPOSITORY/AppX (master)
$ git remote add AppX git@github.com:acmadi/AppX.git

LENOVO@LAPTOP-PRIMA /e/XAMPP_5.6.11/vid/GIT_REPOSITORY/AppX (master)
$ git pull origin
fatal: 'origin' does not appear to be a git repository
fatal: Could not read from remote repository.

Please make sure you have the correct access rights
and the repository exists.

LENOVO@LAPTOP-PRIMA /e/XAMPP_5.6.11/vid/GIT_REPOSITORY/AppX (master)
$ git pull origin :master
fatal: 'origin' does not appear to be a git repository
fatal: Could not read from remote repository.

Please make sure you have the correct access rights
and the repository exists.

LENOVO@LAPTOP-PRIMA /e/XAMPP_5.6.11/vid/GIT_REPOSITORY/AppX (master)
$ git remote
AppX

LENOVO@LAPTOP-PRIMA /e/XAMPP_5.6.11/vid/GIT_REPOSITORY/AppX (master)
$ git branch -r

LENOVO@LAPTOP-PRIMA /e/XAMPP_5.6.11/vid/GIT_REPOSITORY/AppX (master)
$ git status
On branch master
nothing to commit, working directory clean

LENOVO@LAPTOP-PRIMA /e/XAMPP_5.6.11/vid/GIT_REPOSITORY/AppX (master)
$ git branch -a
  Version2.0
* master
  newfeature

LENOVO@LAPTOP-PRIMA /e/XAMPP_5.6.11/vid/GIT_REPOSITORY/AppX (master)
$ git fetch master
fatal: 'master' does not appear to be a git repository
fatal: Could not read from remote repository.

Please make sure you have the correct access rights
and the repository exists.

LENOVO@LAPTOP-PRIMA /e/XAMPP_5.6.11/vid/GIT_REPOSITORY/AppX (master)
$ git fetch AppX
Permission denied (publickey).
fatal: Could not read from remote repository.

Please make sure you have the correct access rights
and the repository exists.

LENOVO@LAPTOP-PRIMA /e/XAMPP_5.6.11/vid/GIT_REPOSITORY/AppX (master)
$ git push origin master
fatal: 'origin' does not appear to be a git repository
fatal: Could not read from remote repository.

Please make sure you have the correct access rights
and the repository exists.

LENOVO@LAPTOP-PRIMA /e/XAMPP_5.6.11/vid/GIT_REPOSITORY/AppX (master)
$ git push --help
Launching default browser to display HTML ...

LENOVO@LAPTOP-PRIMA /e/XAMPP_5.6.11/vid/GIT_REPOSITORY/AppX (master)
$ git push origin
fatal: The current branch master has no upstream branch.
To push the current branch and set the remote as upstream, use

    git push --set-upstream origin master


LENOVO@LAPTOP-PRIMA /e/XAMPP_5.6.11/vid/GIT_REPOSITORY/AppX (master)
$ git push --set-upstream origini master
fatal: 'origini' does not appear to be a git repository
fatal: Could not read from remote repository.

Please make sure you have the correct access rights
and the repository exists.

LENOVO@LAPTOP-PRIMA /e/XAMPP_5.6.11/vid/GIT_REPOSITORY/AppX (master)
$ git push --set-upstream origin master
fatal: 'origin' does not appear to be a git repository
fatal: Could not read from remote repository.

Please make sure you have the correct access rights
and the repository exists.

LENOVO@LAPTOP-PRIMA /e/XAMPP_5.6.11/vid/GIT_REPOSITORY/AppX (master)
$ git push origin master
fatal: 'origin' does not appear to be a git repository
fatal: Could not read from remote repository.

Please make sure you have the correct access rights
and the repository exists.

LENOVO@LAPTOP-PRIMA /e/XAMPP_5.6.11/vid/GIT_REPOSITORY/AppX (master)
$ git push origin master
fatal: 'origin' does not appear to be a git repository
fatal: Could not read from remote repository.

Please make sure you have the correct access rights
and the repository exists.

LENOVO@LAPTOP-PRIMA /e/XAMPP_5.6.11/vid/GIT_REPOSITORY/AppX (master)
$ git push origin master
fatal: 'origin' does not appear to be a git repository
fatal: Could not read from remote repository.

Please make sure you have the correct access rights
and the repository exists.

LENOVO@LAPTOP-PRIMA /e/XAMPP_5.6.11/vid/GIT_REPOSITORY/AppX (master)
$ git push origin master
fatal: 'origin' does not appear to be a git repository
fatal: Could not read from remote repository.

Please make sure you have the correct access rights
and the repository exists.

LENOVO@LAPTOP-PRIMA /e/XAMPP_5.6.11/vid/GIT_REPOSITORY/AppX (master)
$ git push origin master
fatal: 'origin' does not appear to be a git repository
fatal: Could not read from remote repository.

Please make sure you have the correct access rights
and the repository exists.

LENOVO@LAPTOP-PRIMA /e/XAMPP_5.6.11/vid/GIT_REPOSITORY/AppX (master)
$ git push origin master
fatal: 'origin' does not appear to be a git repository
fatal: Could not read from remote repository.

Please make sure you have the correct access rights
and the repository exists.

LENOVO@LAPTOP-PRIMA /e/XAMPP_5.6.11/vid/GIT_REPOSITORY/AppX (master)
$ git push origin master
fatal: 'origin' does not appear to be a git repository
fatal: Could not read from remote repository.

Please make sure you have the correct access rights
and the repository exists.

LENOVO@LAPTOP-PRIMA /e/XAMPP_5.6.11/vid/GIT_REPOSITORY/AppX (master)
$ git push origin master
fatal: 'origin' does not appear to be a git repository
fatal: Could not read from remote repository.

Please make sure you have the correct access rights
and the repository exists.

LENOVO@LAPTOP-PRIMA /e/XAMPP_5.6.11/vid/GIT_REPOSITORY/AppX (master)
$ cd ../

LENOVO@LAPTOP-PRIMA /e/XAMPP_5.6.11/vid/GIT_REPOSITORY
$ ssh-add ~/.ssh/id_rsa
Could not open a connection to your authentication agent.

LENOVO@LAPTOP-PRIMA /e/XAMPP_5.6.11/vid/GIT_REPOSITORY
$ ssh-agent -s
SSH_AUTH_SOCK=/tmp/ssh-v79HfXCvRGy2/agent.4964; export SSH_AUTH_SOCK;
SSH_AGENT_PID=5740; export SSH_AGENT_PID;
echo Agent pid 5740;

LENOVO@LAPTOP-PRIMA /e/XAMPP_5.6.11/vid/GIT_REPOSITORY
$ eval $(ssh-agent -s)
Agent pid 5492

LENOVO@LAPTOP-PRIMA /e/XAMPP_5.6.11/vid/GIT_REPOSITORY
$ ssh-add ~/.ssh/id_rsa
Identity added: /c/Users/LENOVO/.ssh/id_rsa (/c/Users/LENOVO/.ssh/id_rsa)

LENOVO@LAPTOP-PRIMA /e/XAMPP_5.6.11/vid/GIT_REPOSITORY
$ ssh-add ~/.ssh/id_rsa
Identity added: /c/Users/LENOVO/.ssh/id_rsa (/c/Users/LENOVO/.ssh/id_rsa)

LENOVO@LAPTOP-PRIMA /e/XAMPP_5.6.11/vid/GIT_REPOSITORY
$ clip < ~/.ssh/id_rsa.pub

LENOVO@LAPTOP-PRIMA /e/XAMPP_5.6.11/vid/GIT_REPOSITORY
$ ssh -T git@github.com

Hi acmadi! You've successfully authenticated, but GitHub does not provide shell access.

LENOVO@LAPTOP-PRIMA /e/XAMPP_5.6.11/vid/GIT_REPOSITORY
$ cd AppX

LENOVO@LAPTOP-PRIMA /e/XAMPP_5.6.11/vid/GIT_REPOSITORY/AppX (master)
$ git pull origin master
fatal: 'origin' does not appear to be a git repository
fatal: Could not read from remote repository.

Please make sure you have the correct access rights
and the repository exists.

LENOVO@LAPTOP-PRIMA /e/XAMPP_5.6.11/vid/GIT_REPOSITORY/AppX (master)
$ git pull origin
fatal: 'origin' does not appear to be a git repository
fatal: Could not read from remote repository.

Please make sure you have the correct access rights
and the repository exists.

LENOVO@LAPTOP-PRIMA /e/XAMPP_5.6.11/vid/GIT_REPOSITORY/AppX (master)
$



LENOVO@LAPTOP-PRIMA /e/XAMPP_5.6.11/vid/GIT_REPOSITORY/AppX (master)
$ git fetch master
fatal: 'master' does not appear to be a git repository
fatal: Could not read from remote repository.

Please make sure you have the correct access rights
and the repository exists.

LENOVO@LAPTOP-PRIMA /e/XAMPP_5.6.11/vid/GIT_REPOSITORY/AppX (master)
$ git fetch AppX
Permission denied (publickey).
fatal: Could not read from remote repository.

Please make sure you have the correct access rights
and the repository exists.

LENOVO@LAPTOP-PRIMA /e/XAMPP_5.6.11/vid/GIT_REPOSITORY/AppX (master)
$ git push origin master
fatal: 'origin' does not appear to be a git repository
fatal: Could not read from remote repository.

Please make sure you have the correct access rights
and the repository exists.

LENOVO@LAPTOP-PRIMA /e/XAMPP_5.6.11/vid/GIT_REPOSITORY/AppX (master)
$ git push --help
Launching default browser to display HTML ...

LENOVO@LAPTOP-PRIMA /e/XAMPP_5.6.11/vid/GIT_REPOSITORY/AppX (master)
$ git push origin
fatal: The current branch master has no upstream branch.
To push the current branch and set the remote as upstream, use

    git push --set-upstream origin master


LENOVO@LAPTOP-PRIMA /e/XAMPP_5.6.11/vid/GIT_REPOSITORY/AppX (master)
$ git push --set-upstream origini master
fatal: 'origini' does not appear to be a git repository
fatal: Could not read from remote repository.

Please make sure you have the correct access rights
and the repository exists.

LENOVO@LAPTOP-PRIMA /e/XAMPP_5.6.11/vid/GIT_REPOSITORY/AppX (master)
$ git push --set-upstream origin master
fatal: 'origin' does not appear to be a git repository
fatal: Could not read from remote repository.

Please make sure you have the correct access rights
and the repository exists.

LENOVO@LAPTOP-PRIMA /e/XAMPP_5.6.11/vid/GIT_REPOSITORY/AppX (master)
$ git push origin master
fatal: 'origin' does not appear to be a git repository
fatal: Could not read from remote repository.

Please make sure you have the correct access rights
and the repository exists.

LENOVO@LAPTOP-PRIMA /e/XAMPP_5.6.11/vid/GIT_REPOSITORY/AppX (master)
$ git push origin master
fatal: 'origin' does not appear to be a git repository
fatal: Could not read from remote repository.

Please make sure you have the correct access rights
and the repository exists.

LENOVO@LAPTOP-PRIMA /e/XAMPP_5.6.11/vid/GIT_REPOSITORY/AppX (master)
$ git push origin master
fatal: 'origin' does not appear to be a git repository
fatal: Could not read from remote repository.

Please make sure you have the correct access rights
and the repository exists.

LENOVO@LAPTOP-PRIMA /e/XAMPP_5.6.11/vid/GIT_REPOSITORY/AppX (master)
$ git push origin master
fatal: 'origin' does not appear to be a git repository
fatal: Could not read from remote repository.

Please make sure you have the correct access rights
and the repository exists.

LENOVO@LAPTOP-PRIMA /e/XAMPP_5.6.11/vid/GIT_REPOSITORY/AppX (master)
$ git push origin master
fatal: 'origin' does not appear to be a git repository
fatal: Could not read from remote repository.

Please make sure you have the correct access rights
and the repository exists.

LENOVO@LAPTOP-PRIMA /e/XAMPP_5.6.11/vid/GIT_REPOSITORY/AppX (master)
$ git push origin master
fatal: 'origin' does not appear to be a git repository
fatal: Could not read from remote repository.

Please make sure you have the correct access rights
and the repository exists.

LENOVO@LAPTOP-PRIMA /e/XAMPP_5.6.11/vid/GIT_REPOSITORY/AppX (master)
$ git push origin master
fatal: 'origin' does not appear to be a git repository
fatal: Could not read from remote repository.

Please make sure you have the correct access rights
and the repository exists.

LENOVO@LAPTOP-PRIMA /e/XAMPP_5.6.11/vid/GIT_REPOSITORY/AppX (master)
$ git push origin master
fatal: 'origin' does not appear to be a git repository
fatal: Could not read from remote repository.

Please make sure you have the correct access rights
and the repository exists.

LENOVO@LAPTOP-PRIMA /e/XAMPP_5.6.11/vid/GIT_REPOSITORY/AppX (master)
$ cd ../

LENOVO@LAPTOP-PRIMA /e/XAMPP_5.6.11/vid/GIT_REPOSITORY
$ ssh-add ~/.ssh/id_rsa
Could not open a connection to your authentication agent.

LENOVO@LAPTOP-PRIMA /e/XAMPP_5.6.11/vid/GIT_REPOSITORY
$ ssh-agent -s
SSH_AUTH_SOCK=/tmp/ssh-v79HfXCvRGy2/agent.4964; export SSH_AUTH_SOCK;
SSH_AGENT_PID=5740; export SSH_AGENT_PID;
echo Agent pid 5740;

LENOVO@LAPTOP-PRIMA /e/XAMPP_5.6.11/vid/GIT_REPOSITORY
$ eval $(ssh-agent -s)
Agent pid 5492

LENOVO@LAPTOP-PRIMA /e/XAMPP_5.6.11/vid/GIT_REPOSITORY
$ ssh-add ~/.ssh/id_rsa
Identity added: /c/Users/LENOVO/.ssh/id_rsa (/c/Users/LENOVO/.ssh/id_rsa)

LENOVO@LAPTOP-PRIMA /e/XAMPP_5.6.11/vid/GIT_REPOSITORY
$ ssh-add ~/.ssh/id_rsa
Identity added: /c/Users/LENOVO/.ssh/id_rsa (/c/Users/LENOVO/.ssh/id_rsa)

LENOVO@LAPTOP-PRIMA /e/XAMPP_5.6.11/vid/GIT_REPOSITORY
$ clip < ~/.ssh/id_rsa.pub

LENOVO@LAPTOP-PRIMA /e/XAMPP_5.6.11/vid/GIT_REPOSITORY
$ ssh -T git@github.com

Hi acmadi! You've successfully authenticated, but GitHub does not provide shell access.

LENOVO@LAPTOP-PRIMA /e/XAMPP_5.6.11/vid/GIT_REPOSITORY
$ cd AppX

LENOVO@LAPTOP-PRIMA /e/XAMPP_5.6.11/vid/GIT_REPOSITORY/AppX (master)
$ git pull origin master
fatal: 'origin' does not appear to be a git repository
fatal: Could not read from remote repository.

Please make sure you have the correct access rights
and the repository exists.

LENOVO@LAPTOP-PRIMA /e/XAMPP_5.6.11/vid/GIT_REPOSITORY/AppX (master)
$ git pull origin
fatal: 'origin' does not appear to be a git repository
fatal: Could not read from remote repository.

Please make sure you have the correct access rights
and the repository exists.

LENOVO@LAPTOP-PRIMA /e/XAMPP_5.6.11/vid/GIT_REPOSITORY/AppX (master)
$ git remote add git@github.com:acmadi/AppX.git
usage: git remote add [<options>] <name> <url>

    -f, --fetch           fetch the remote branches
    --tags                import all tags and associated objects when fetching
                          or do not fetch any tag at all (--no-tags)
    -t, --track <branch>  branch(es) to track
    -m, --master <branch>
                          master branch
    --mirror[=<push|fetch>]
                          set up remote as a mirror to push to or fetch from


LENOVO@LAPTOP-PRIMA /e/XAMPP_5.6.11/vid/GIT_REPOSITORY/AppX (master)
$ git remote add -f git@github.com:acmadi/AppX.git
usage: git remote add [<options>] <name> <url>

    -f, --fetch           fetch the remote branches
    --tags                import all tags and associated objects when fetching
                          or do not fetch any tag at all (--no-tags)
    -t, --track <branch>  branch(es) to track
    -m, --master <branch>
                          master branch
    --mirror[=<push|fetch>]
                          set up remote as a mirror to push to or fetch from


LENOVO@LAPTOP-PRIMA /e/XAMPP_5.6.11/vid/GIT_REPOSITORY/AppX (master)
$ git remote add -f AppX git@github.com:acmadi/AppX.git
fatal: remote AppX already exists.

LENOVO@LAPTOP-PRIMA /e/XAMPP_5.6.11/vid/GIT_REPOSITORY/AppX (master)
$ git pull origin
fatal: 'origin' does not appear to be a git repository
fatal: Could not read from remote repository.

Please make sure you have the correct access rights
and the repository exists.

LENOVO@LAPTOP-PRIMA /e/XAMPP_5.6.11/vid/GIT_REPOSITORY/AppX (master)
$ git remote add -f origin git@github.com:acmadi/AppX.git
Updating origin
Warning: Permanently added the RSA host key for IP address '192.30.252.131' to the list of known hosts.
remote: Counting objects: 13, done.
remote: Compressing objects: 100% (10/10), done.
remote: Total 13 (delta 6), reused 9 (delta 2), pack-reused 0
Unpacking objects: 100% (13/13), done.
From github.com:acmadi/AppX
 * [new branch]      Version2.0 -> origin/Version2.0
 * [new branch]      master     -> origin/master
 * [new branch]      newfeature -> origin/newfeature
 * [new tag]         v1.2       -> v1.2
 * [new tag]         v2.0       -> v2.0
 * [new tag]         v3.1       -> v3.1
 * [new tag]         v1.0       -> v1.0
 * [new tag]         v1.1       -> v1.1

LENOVO@LAPTOP-PRIMA /e/XAMPP_5.6.11/vid/GIT_REPOSITORY/AppX (master)
$

LENOVO@LAPTOP-PRIMA /e/XAMPP_5.6.11/vid/GIT_REPOSITORY/AppX (master)
$ git pull origin
You asked to pull from the remote 'origin', but did not specify
a branch. Because this is not the default configured remote
for your current branch, you must specify a branch on the command line.

LENOVO@LAPTOP-PRIMA /e/XAMPP_5.6.11/vid/GIT_REPOSITORY/AppX (master)
$ git pull origin master
From github.com:acmadi/AppX
 * branch            master     -> FETCH_HEAD
Updating a116547..20fe705
Fast-forward
 coba.php  | 2 ++
 readme.md | 2 ++
 2 files changed, 4 insertions(+)
 create mode 100644 readme.md

LENOVO@LAPTOP-PRIMA /e/XAMPP_5.6.11/vid/GIT_REPOSITORY/AppX (master)
$ git status
On branch master
nothing to commit, working directory clean

LENOVO@LAPTOP-PRIMA /e/XAMPP_5.6.11/vid/GIT_REPOSITORY/AppX (master)
$ git tag
v1.0
v1.1
v1.2
v2.0
v3.1

LENOVO@LAPTOP-PRIMA /e/XAMPP_5.6.11/vid/GIT_REPOSITORY/AppX (master)
$ git branch -a
  Version2.0
* master
  newfeature
  remotes/origin/Version2.0
  remotes/origin/master
  remotes/origin/newfeature

LENOVO@LAPTOP-PRIMA /e/XAMPP_5.6.11/vid/GIT_REPOSITORY/AppX (master)
$ cd ../

LENOVO@LAPTOP-PRIMA /e/XAMPP_5.6.11/vid/GIT_REPOSITORY
$ git clone git@github.com:acmadi/my_dok_git.git
Cloning into 'my_dok_git'...
remote: Counting objects: 3, done.
remote: Compressing objects: 100% (2/2), done.
remote: Total 3 (delta 0), reused 3 (delta 0), pack-reused 0
Receiving objects: 100% (3/3), done.
Checking connectivity... done.

LENOVO@LAPTOP-PRIMA /e/XAMPP_5.6.11/vid/GIT_REPOSITORY
$ cd my_dok_git

LENOVO@LAPTOP-PRIMA /e/XAMPP_5.6.11/vid/GIT_REPOSITORY/my_dok_git (master)
$ ls
dokumentasi.txt

LENOVO@LAPTOP-PRIMA /e/XAMPP_5.6.11/vid/GIT_REPOSITORY/my_dok_git (master)
$

